[31m[Nest] 21664  - [39m25/08/2026, 15.42.48 [31m  ERROR[39m [38;5;3m[NestApplication] [39m[31mError: listen EADDRINUSE: address already in use :::3001[39m[38;5;3m +5ms[39m
node:net:1940
    const ex = new UVExceptionWithHostPort(err, 'listen', address, port);
               ^

Error: listen EADDRINUSE: address already in use :::3001
    at Server.setupListenHandle [as _listen2] (node:net:1940:16)
    at listenInCluster (node:net:1997:12)
    at Server.listen (node:net:2102:7)
    at ExpressAdapter.listen (D:\my-portfolio\node_modules\@nestjs\platform-express\adapters\express-adapter.js:115:32)
    at D:\my-portfolio\node_modules\@nestjs\core\nest-application.js:190:30
    at new Promise (<anonymous>)
    at NestApplication.listen (D:\my-portfolio\node_modules\@nestjs\core\nest-application.js:180:16)
    at async bootstrap (D:\my-portfolio\apps\backend\src\main.ts:19:3) {
  code: 'EADDRINUSE',
  errno: -4091,
  syscall: 'listen',
  address: '::',
  port: 3001
}

Node.js v22.22.2
[31m[Nest] 16548  - [39m25/08/2026, 15.47.12 [31m  ERROR[39m [38;5;3m[NestApplication] [39m[31mError: listen EADDRINUSE: address already in use :::3001[39m[38;5;3m +5ms[39m
node:net:1940
    const ex = new UVExceptionWithHostPort(err, 'listen', address, port);
               ^

Error: listen EADDRINUSE: address already in use :::3001
    at Server.setupListenHandle [as _listen2] (node:net:1940:16)
    at listenInCluster (node:net:1997:12)
    at Server.listen (node:net:2102:7)
    at ExpressAdapter.listen (D:\my-portfolio\node_modules\@nestjs\platform-express\adapters\express-adapter.js:115:32)
    at D:\my-portfolio\node_modules\@nestjs\core\nest-application.js:190:30
    at new Promise (<anonymous>)
    at NestApplication.listen (D:\my-portfolio\node_modules\@nestjs\core\nest-application.js:180:16)
    at async bootstrap (D:\my-portfolio\apps\backend\src\main.ts:19:3) {
  code: 'EADDRINUSE',
  errno: -4091,
  syscall: 'listen',
  address: '::',
  port: 3001
}

Node.js v22.22.2
[31m[Nest] 10384  - [39m25/08/2026, 15.47.21 [31m  ERROR[39m [38;5;3m[NestApplication] [39m[31mError: listen EADDRINUSE: address already in use :::3001[39m[38;5;3m +5ms[39m
node:net:1940
    const ex = new UVExceptionWithHostPort(err, 'listen', address, port);
               ^

Error: listen EADDRINUSE: address already in use :::3001
    at Server.setupListenHandle [as _listen2] (node:net:1940:16)
    at listenInCluster (node:net:1997:12)
    at Server.listen (node:net:2102:7)
    at ExpressAdapter.listen (D:\my-portfolio\node_modules\@nestjs\platform-express\adapters\express-adapter.js:115:32)
    at D:\my-portfolio\node_modules\@nestjs\core\nest-application.js:190:30
    at new Promise (<anonymous>)
    at NestApplication.listen (D:\my-portfolio\node_modules\@nestjs\core\nest-application.js:180:16)
    at async bootstrap (D:\my-portfolio\apps\backend\src\main.ts:19:3) {
  code: 'EADDRINUSE',
  errno: -4091,
  syscall: 'listen',
  address: '::',
  port: 3001
}

Node.js v22.22.2
[31m[Nest] 5712  - [39m25/08/2026, 15.51.28 [31m  ERROR[39m [38;5;3m[NestApplication] [39m[31mError: listen EADDRINUSE: address already in use :::3001[39m[38;5;3m +10ms[39m
node:net:1940
    const ex = new UVExceptionWithHostPort(err, 'listen', address, port);
               ^

Error: listen EADDRINUSE: address already in use :::3001
    at Server.setupListenHandle [as _listen2] (node:net:1940:16)
    at listenInCluster (node:net:1997:12)
    at Server.listen (node:net:2102:7)
    at ExpressAdapter.listen (D:\my-portfolio\node_modules\@nestjs\platform-express\adapters\express-adapter.js:115:32)
    at D:\my-portfolio\node_modules\@nestjs\core\nest-application.js:190:30
    at new Promise (<anonymous>)
    at NestApplication.listen (D:\my-portfolio\node_modules\@nestjs\core\nest-application.js:180:16)
    at async bootstrap (D:\my-portfolio\apps\backend\src\main.ts:19:3) {
  code: 'EADDRINUSE',
  errno: -4091,
  syscall: 'listen',
  address: '::',
  port: 3001
}

Node.js v22.22.2
